🚀 本番環境API段階的検索戦略テストを開始します...

🔍 プロキシサーバーの確認中...
✅ プロキシサーバーが稼働中

📚 69件の文献で本番環境の段階的検索戦略をテスト開始

📋 既に31件処理済み、32件目から再開します

📖 [32] 大澤真幸 (2006). 『ナショナリズムの由来』. 講談社....
   タイプ: book | 言語: 日本語 | 書籍: true
   検索順序: ndl → cinii → googleBooks

🔍 ndl API 段階的検索開始:
     戦略2: タイトルのみ検索: ✅ 11件 (1057ms)
   📊 ndl 総結果: 11件

🔍 cinii API 段階的検索開始:
     タイトル検索: ❌ 0件 (365ms)
   📊 cinii 総結果: 0件

🔍 googleBooks API 段階的検索開始:
     戦略2: タイトル完全一致: ✅ 2件 (493ms)
     戦略3A: 日本語全文検索: ✅ 5件 (650ms)
   📊 googleBooks 総結果: 7件

📖 [33] Dick, P. K. (1968). Do Androids Dream of Electric Sheep? Doubleday....
   タイプ: book | 言語: 英語 | 書籍: true
   検索順序: googleBooks → cinii

🔍 googleBooks API 段階的検索開始:
     戦略1A: フィールド指定検索 (Dick): ✅ 5件 (1306ms)
     戦略1B: 著者フィールド検索 (Dick): ✅ 5件 (1111ms)
   📊 googleBooks 総結果: 10件

🔍 cinii API 段階的検索開始:
     タイトル検索: ❌ 0件 (262ms)
   📊 cinii 総結果: 0件

📖 [34] 清水博 (1992). 『生命知としての場の思想』. 青土社....
   タイプ: book | 言語: 日本語 | 書籍: true
   検索順序: ndl → cinii → googleBooks

🔍 ndl API 段階的検索開始:
     戦略2: タイトルのみ検索: ❌ 0件 (295ms)
   📊 ndl 総結果: 0件

🔍 cinii API 段階的検索開始:
     タイトル検索: ❌ 0件 (227ms)
   📊 cinii 総結果: 0件

🔍 googleBooks API 段階的検索開始:
     戦略2: タイトル完全一致: ✅ 5件 (788ms)
     戦略3A: 日本語全文検索: ✅ 5件 (733ms)
   📊 googleBooks 総結果: 10件

📖 [35] Derrida, J. (1967). De la grammatologie. Les Éditions de Minuit....
   タイプ: book | 言語: 英語 | 書籍: true
   検索順序: googleBooks → cinii

🔍 googleBooks API 段階的検索開始:
     戦略1A: フィールド指定検索 (Derrida): ✅ 2件 (1076ms)
     戦略1B: 著者フィールド検索 (Derrida): ✅ 5件 (1263ms)
     戦略2: タイトル完全一致: ✅ 5件 (1059ms)
   📊 googleBooks 総結果: 12件

🔍 cinii API 段階的検索開始:
     タイトル検索: ❌ 0件 (108ms)
   📊 cinii 総結果: 0件

📖 [36] 山口昌男 (1982). 『文化と両義性』. 岩波書店....
   タイプ: book | 言語: 日本語 | 書籍: true
   検索順序: ndl → cinii → googleBooks

🔍 ndl API 段階的検索開始:
     戦略2: タイトルのみ検索: ✅ 7件 (694ms)
   📊 ndl 総結果: 7件

🔍 cinii API 段階的検索開始:
     タイトル検索: ❌ 0件 (115ms)
   📊 cinii 総結果: 0件

🔍 googleBooks API 段階的検索開始:
     戦略2: タイトル完全一致: ✅ 1件 (1006ms)
     戦略3A: 日本語全文検索: ✅ 5件 (1434ms)
   📊 googleBooks 総結果: 6件

📖 [37] Eco, U. (1980). Il nome della rosa. Bompiani....
   タイプ: book | 言語: 英語 | 書籍: true
   検索順序: googleBooks → cinii

🔍 googleBooks API 段階的検索開始:
     戦略1A: フィールド指定検索 (Eco): ✅ 5件 (517ms)
     戦略1B: 著者フィールド検索 (Eco): ✅ 5件 (724ms)
   📊 googleBooks 総結果: 10件

🔍 cinii API 段階的検索開始:
     タイトル検索: ❌ 0件 (147ms)
   📊 cinii 総結果: 0件

📖 [38] 鶴見俊輔 (1961). 『限界芸術論』. 筑摩書房....
   タイプ: book | 言語: 日本語 | 書籍: true
   検索順序: ndl → cinii → googleBooks

🔍 ndl API 段階的検索開始:
     戦略2: タイトルのみ検索: ✅ 10件 (538ms)
   📊 ndl 総結果: 10件

🔍 cinii API 段階的検索開始:
     タイトル検索: ❌ 0件 (229ms)
   📊 cinii 総結果: 0件

🔍 googleBooks API 段階的検索開始:
     戦略2: タイトル完全一致: ✅ 5件 (1058ms)
     戦略3A: 日本語全文検索: ✅ 5件 (1363ms)
   📊 googleBooks 総結果: 10件

📖 [39] Jameson, F. (1991). Postmodernism, or, The Cultural Logic of Late Capitalism. Du...
   タイプ: book | 言語: 英語 | 書籍: true
   検索順序: googleBooks → cinii

🔍 googleBooks API 段階的検索開始:
     戦略1A: フィールド指定検索 (Jameson): ✅ 2件 (1086ms)
     戦略1B: 著者フィールド検索 (Jameson): ✅ 5件 (1088ms)
     戦略2: タイトル完全一致: ✅ 2件 (399ms)
   📊 googleBooks 総結果: 9件

🔍 cinii API 段階的検索開始:
     タイトル検索: ❌ 0件 (141ms)
   📊 cinii 総結果: 0件

📖 [40] Watson, J. D., & Crick, F. H. C. (1953). A structure for deoxyribose nucleic aci...
   タイプ: book | 言語: 英語 | 書籍: true
   検索順序: googleBooks → cinii

🔍 googleBooks API 段階的検索開始:
     戦略1A: フィールド指定検索 (Watson): ✅ 4件 (635ms)
     戦略1B: 著者フィールド検索 (Watson): ✅ 5件 (1064ms)
     戦略2: タイトル完全一致: ✅ 4件 (441ms)
   📊 googleBooks 総結果: 13件

🔍 cinii API 段階的検索開始:
     タイトル検索: ❌ 0件 (119ms)
   📊 cinii 総結果: 0件

📖 [41] Einstein, A. (1905). Zur Elektrodynamik bewegter Körper. Annalen der Physik, 322...
   タイプ: book | 言語: 英語 | 書籍: true
   検索順序: googleBooks → cinii

🔍 googleBooks API 段階的検索開始:
     戦略1A: フィールド指定検索 (Einstein): ✅ 1件 (456ms)
     戦略1B: 著者フィールド検索 (Einstein): ✅ 5件 (465ms)
     戦略2: タイトル完全一致: ✅ 2件 (1267ms)
   📊 googleBooks 総結果: 8件

🔍 cinii API 段階的検索開始:
     タイトル検索: ❌ 0件 (117ms)
   📊 cinii 総結果: 0件

📖 [42] Heisenberg, W. (1927). Über den anschaulichen Inhalt der quantentheoretischen Ki...
   タイプ: book | 言語: 英語 | 書籍: true
   検索順序: googleBooks → cinii

🔍 googleBooks API 段階的検索開始:
     戦略1A: フィールド指定検索 (Heisenberg): ✅ 1件 (1213ms)
     戦略1B: 著者フィールド検索 (Heisenberg): ✅ 5件 (532ms)
     戦略2: タイトル完全一致: ✅ 1件 (986ms)
   📊 googleBooks 総結果: 7件

🔍 cinii API 段階的検索開始:
     タイトル検索: ❌ 0件 (100ms)
   📊 cinii 総結果: 0件

📖 [43] Shannon, C. E. (1948). A mathematical theory of communication. Bell System Techn...
   タイプ: book | 言語: 英語 | 書籍: true
   検索順序: googleBooks → cinii

🔍 googleBooks API 段階的検索開始:
     戦略1A: フィールド指定検索 (Shannon): ✅ 2件 (645ms)
     戦略1B: 著者フィールド検索 (Shannon): ✅ 5件 (1046ms)
     戦略2: タイトル完全一致: ✅ 4件 (459ms)
   📊 googleBooks 総結果: 11件

🔍 cinii API 段階的検索開始:
     タイトル検索: ❌ 0件 (162ms)
   📊 cinii 総結果: 0件

📖 [44] Rosenblatt, F. (1958). The perceptron: A probabilistic model for information sto...
   タイプ: book | 言語: 英語 | 書籍: true
   検索順序: googleBooks → cinii

🔍 googleBooks API 段階的検索開始:
     戦略1A: フィールド指定検索 (Rosenblatt): ✅ 1件 (1221ms)
     戦略1B: 著者フィールド検索 (Rosenblatt): ✅ 5件 (483ms)
     戦略2: タイトル完全一致: ✅ 2件 (683ms)
   📊 googleBooks 総結果: 8件

🔍 cinii API 段階的検索開始:
     タイトル検索: ❌ 0件 (185ms)
   📊 cinii 総結果: 0件

📖 [45] Zhang, Y., et al. (2001). Identification of novel transcripts in human liver usi...
   タイプ: book | 言語: 英語 | 書籍: true
   検索順序: googleBooks → cinii

🔍 googleBooks API 段階的検索開始:
     戦略1A: フィールド指定検索 (Zhang): ❌ 0件 (1132ms)
     戦略1B: 著者フィールド検索 (Zhang): ✅ 5件 (509ms)
     戦略2: タイトル完全一致: ❌ 0件 (634ms)
   📊 googleBooks 総結果: 5件

🔍 cinii API 段階的検索開始:
     タイトル検索: ❌ 0件 (155ms)
   📊 cinii 総結果: 0件

📖 [46] Turing, A. M. (1936). On computable numbers, with an application to the Entschei...
   タイプ: book | 言語: 英語 | 書籍: true
   検索順序: googleBooks → cinii

🔍 googleBooks API 段階的検索開始:
     戦略1A: フィールド指定検索 (Turing): ✅ 2件 (484ms)
     戦略1B: 著者フィールド検索 (Turing): ✅ 5件 (833ms)
     戦略2: タイトル完全一致: ✅ 2件 (1064ms)
   📊 googleBooks 総結果: 9件

🔍 cinii API 段階的検索開始:
     タイトル検索: ❌ 0件 (225ms)
   📊 cinii 総結果: 0件

📖 [47] Goodfellow, I., et al. (2014). Generative adversarial nets. In Advances in Neura...
   タイプ: unknown | 言語: 英語 | 書籍: false
   検索順序: crossref → semanticScholar → googleBooks → cinii

🔍 crossref API 段階的検索開始:
     段階1: タイトルのみ: ✅ 5件 (2488ms)
     段階2: タイトル+著者: ✅ 5件 (2234ms)
   📊 crossref 総結果: 10件

🔍 semanticScholar API 段階的検索開始:
     タイトル検索: ✅ 5件 (1130ms)
   📊 semanticScholar 総結果: 5件

🔍 googleBooks API 段階的検索開始:
     戦略1A: フィールド指定検索 (Goodfellow): ✅ 5件 (768ms)
     戦略1B: 著者フィールド検索 (Goodfellow): ✅ 5件 (502ms)
   📊 googleBooks 総結果: 10件

🔍 cinii API 段階的検索開始:
     タイトル検索: ❌ 0件 (126ms)
   📊 cinii 総結果: 0件

📖 [48] Karikó, K., et al. (2005). Suppression of RNA recognition by Toll-like receptors...
   タイプ: book | 言語: 英語 | 書籍: true
   検索順序: googleBooks → cinii

🔍 googleBooks API 段階的検索開始:
     戦略1A: フィールド指定検索 (Karikó): ❌ 0件 (848ms)
     戦略1B: 著者フィールド検索 (Karikó): ✅ 5件 (545ms)
     戦略2: タイトル完全一致: ❌ 0件 (1173ms)
   📊 googleBooks 総結果: 5件

🔍 cinii API 段階的検索開始:
     タイトル検索: ❌ 0件 (391ms)
   📊 cinii 総結果: 0件

📖 [49] Hinton, G. E., & Salakhutdinov, R. R. (2006). Reducing the dimensionality of dat...
   タイプ: book | 言語: 英語 | 書籍: true
   検索順序: googleBooks → cinii

🔍 googleBooks API 段階的検索開始:
     戦略1A: フィールド指定検索 (Hinton): ✅ 5件 (630ms)
     戦略1B: 著者フィールド検索 (Hinton): ✅ 5件 (1361ms)
   📊 googleBooks 総結果: 10件

🔍 cinii API 段階的検索開始:
     タイトル検索: ❌ 0件 (159ms)
   📊 cinii 総結果: 0件

📖 [50] Bourdieu, P. (1986). The forms of capital. In Handbook of Theory and Research fo...
   タイプ: book | 言語: 英語 | 書籍: true
   検索順序: googleBooks → cinii

🔍 googleBooks API 段階的検索開始:
     戦略1A: フィールド指定検索 (Bourdieu): ✅ 1件 (452ms)
     戦略1B: 著者フィールド検索 (Bourdieu): ✅ 5件 (1281ms)
     戦略2: タイトル完全一致: ✅ 3件 (1024ms)
   📊 googleBooks 総結果: 9件

🔍 cinii API 段階的検索開始:
     タイトル検索: ❌ 0件 (155ms)
   📊 cinii 総結果: 0件

📖 [51] Foucault, M. (1977). Nietzsche, Genealogy, History. Language, Counter-Memory, Pr...
   タイプ: book | 言語: 英語 | 書籍: true
   検索順序: googleBooks → cinii

🔍 googleBooks API 段階的検索開始:
     戦略1A: フィールド指定検索 (Foucault): ✅ 5件 (1317ms)
     戦略1B: 著者フィールド検索 (Foucault): ✅ 5件 (1330ms)
   📊 googleBooks 総結果: 10件

🔍 cinii API 段階的検索開始:
     タイトル検索: ❌ 0件 (53ms)
   📊 cinii 総結果: 0件

📖 [52] Derrida, J. (1967). La différance. Bulletin de la Société Française de Philosoph...
   タイプ: book | 言語: 英語 | 書籍: true
   検索順序: googleBooks → cinii

🔍 googleBooks API 段階的検索開始:
     戦略1A: フィールド指定検索 (Derrida): ✅ 2件 (442ms)
     戦略1B: 著者フィールド検索 (Derrida): ✅ 5件 (1117ms)
     戦略2: タイトル完全一致: ✅ 5件 (1335ms)
   📊 googleBooks 総結果: 12件

🔍 cinii API 段階的検索開始:
     タイトル検索: ❌ 0件 (175ms)
   📊 cinii 総結果: 0件

📖 [53] Austin, J. L. (1962). How to do things with words. Oxford University Press....
   タイプ: book | 言語: 英語 | 書籍: true
   検索順序: googleBooks → cinii

🔍 googleBooks API 段階的検索開始:
     戦略1A: フィールド指定検索 (Austin): ✅ 5件 (1061ms)
     戦略1B: 著者フィールド検索 (Austin): ✅ 5件 (1199ms)
   📊 googleBooks 総結果: 10件

🔍 cinii API 段階的検索開始:
     タイトル検索: ❌ 0件 (166ms)
   📊 cinii 総結果: 0件

📖 [54] Lakoff, G., & Johnson, M. (1980). Conceptual metaphor in everyday language. Jour...
   タイプ: book | 言語: 英語 | 書籍: true
   検索順序: googleBooks → cinii

🔍 googleBooks API 段階的検索開始:
     戦略1A: フィールド指定検索 (Lakoff): ✅ 5件 (610ms)
     戦略1B: 著者フィールド検索 (Lakoff): ✅ 5件 (603ms)
   📊 googleBooks 総結果: 10件

🔍 cinii API 段階的検索開始:
     タイトル検索: ❌ 0件 (90ms)
   📊 cinii 総結果: 0件

📖 [55] Chomsky, N. (1957). Syntactic Structures. Mouton de Gruyter....
   タイプ: book | 言語: 英語 | 書籍: true
   検索順序: googleBooks → cinii

🔍 googleBooks API 段階的検索開始:
     戦略1A: フィールド指定検索 (Chomsky): ✅ 5件 (474ms)
     戦略1B: 著者フィールド検索 (Chomsky): ✅ 5件 (513ms)
   📊 googleBooks 総結果: 10件

🔍 cinii API 段階的検索開始:
     タイトル検索: ❌ 0件 (335ms)
   📊 cinii 総結果: 0件

📖 [56] Saussure, F. de. (1916). Cours de linguistique générale. Payot....
   タイプ: book | 言語: 英語 | 書籍: true
   検索順序: googleBooks → cinii

🔍 googleBooks API 段階的検索開始:
     戦略1A: フィールド指定検索 (Saussure): ✅ 5件 (1057ms)
     戦略1B: 著者フィールド検索 (Saussure): ✅ 5件 (1174ms)
   📊 googleBooks 総結果: 10件

🔍 cinii API 段階的検索開始:
     タイトル検索: ❌ 0件 (223ms)
   📊 cinii 総結果: 0件

📖 [57] Hall, S. (1980). Encoding/decoding. In Culture, Media, Language, 128–138....
   タイプ: book | 言語: 英語 | 書籍: true
   検索順序: googleBooks → cinii

🔍 googleBooks API 段階的検索開始:
     戦略1A: フィールド指定検索 (Hall): ✅ 1件 (473ms)
     戦略1B: 著者フィールド検索 (Hall): ✅ 5件 (515ms)
     戦略2: タイトル完全一致: ✅ 5件 (471ms)
   📊 googleBooks 総結果: 11件

🔍 cinii API 段階的検索開始:
     タイトル検索: ❌ 0件 (131ms)
   📊 cinii 総結果: 0件

📖 [58] Habermas, J. (1981). Kommunikatives Handeln und detranszendentalisierte Vernunft...
   タイプ: book | 言語: 英語 | 書籍: true
   検索順序: googleBooks → cinii

🔍 googleBooks API 段階的検索開始:
     戦略1A: フィールド指定検索 (Habermas): ✅ 1件 (522ms)
     戦略1B: 著者フィールド検索 (Habermas): ✅ 5件 (622ms)
     戦略2: タイトル完全一致: ✅ 1件 (1284ms)
   📊 googleBooks 総結果: 7件

🔍 cinii API 段階的検索開始:
     タイトル検索: ❌ 0件 (160ms)
   📊 cinii 総結果: 0件

📖 [59] Clifford, J., & Marcus, G. (1986). Writing Culture: The Poetics and Politics of ...
   タイプ: book | 言語: 英語 | 書籍: true
   検索順序: googleBooks → cinii

🔍 googleBooks API 段階的検索開始:
     戦略1A: フィールド指定検索 (Clifford): ✅ 3件 (639ms)
     戦略1B: 著者フィールド検索 (Clifford): ✅ 5件 (490ms)
     戦略2: タイトル完全一致: ✅ 4件 (637ms)
   📊 googleBooks 総結果: 12件

🔍 cinii API 段階的検索開始:
     タイトル検索: ❌ 0件 (88ms)
   📊 cinii 総結果: 0件

📖 [60] 鶴見俊輔 (1961). 「限界芸術論」. 思想の科学, 11(4), 23–41....
   タイプ: article | 言語: 日本語 | 書籍: false
   検索順序: cinii → crossref → ndl

🔍 cinii API 段階的検索開始:
     タイトル検索: ❌ 0件 (57ms)
   📊 cinii 総結果: 0件

🔍 crossref API 段階的検索開始:
     段階1: タイトルのみ: ✅ 5件 (3888ms)
   📊 crossref 総結果: 5件

🔍 ndl API 段階的検索開始:
     戦略2: タイトルのみ検索: ✅ 10件 (708ms)
   📊 ndl 総結果: 10件

📖 [61] 中井久夫 (1984). 「分裂病と自己」. 精神医学, 26(8), 673–689....
   タイプ: article | 言語: 日本語 | 書籍: false
   検索順序: cinii → crossref → ndl

🔍 cinii API 段階的検索開始:
     タイトル検索: ❌ 0件 (104ms)
   📊 cinii 総結果: 0件

🔍 crossref API 段階的検索開始:
     段階1: タイトルのみ: ✅ 5件 (1653ms)
   📊 crossref 総結果: 5件

🔍 ndl API 段階的検索開始:
     戦略2: タイトルのみ検索: ❌ 0件 (531ms)
   📊 ndl 総結果: 0件

📖 [62] 大澤真幸 (1996). 「社会の比較不可能性」. 現代思想, 24(10), 45–64....
   タイプ: article | 言語: 日本語 | 書籍: false
   検索順序: cinii → crossref → ndl

🔍 cinii API 段階的検索開始:
     タイトル検索: ❌ 0件 (105ms)
   📊 cinii 総結果: 0件

🔍 crossref API 段階的検索開始:
     段階1: タイトルのみ: ✅ 5件 (2549ms)
   📊 crossref 総結果: 5件

🔍 ndl API 段階的検索開始:
     戦略2: タイトルのみ検索: ❌ 0件 (390ms)
   📊 ndl 総結果: 0件

📖 [63] 山口昌男 (1977). 「文化人類学的想像力と両義性」. 現代思想, 5(6), 15–30....
   タイプ: article | 言語: 日本語 | 書籍: false
   検索順序: cinii → crossref → ndl

🔍 cinii API 段階的検索開始:
     タイトル検索: ❌ 0件 (197ms)
   📊 cinii 総結果: 0件

🔍 crossref API 段階的検索開始:
     段階1: タイトルのみ: ✅ 5件 (1009ms)
   📊 crossref 総結果: 5件

🔍 ndl API 段階的検索開始:
     戦略2: タイトルのみ検索: ❌ 0件 (989ms)
   📊 ndl 総結果: 0件

📖 [64] 中村雄二郎 (1980). 「共通感覚の哲学について」. 哲学, 31, 1–22....
   タイプ: article | 言語: 日本語 | 書籍: false
   検索順序: cinii → crossref → ndl

🔍 cinii API 段階的検索開始:
     タイトル検索: ❌ 0件 (193ms)
   📊 cinii 総結果: 0件

🔍 crossref API 段階的検索開始:
     段階1: タイトルのみ: ✅ 5件 (2740ms)
   📊 crossref 総結果: 5件

🔍 ndl API 段階的検索開始:
     戦略2: タイトルのみ検索: ❌ 0件 (604ms)
   📊 ndl 総結果: 0件

📖 [65] 佐藤学 (2001). 「学びの共同体」. 教育科学, 55(3), 24–33....
   タイプ: article | 言語: 日本語 | 書籍: false
   検索順序: cinii → crossref → ndl

🔍 cinii API 段階的検索開始:
     タイトル検索: ❌ 0件 (501ms)
   📊 cinii 総結果: 0件

🔍 crossref API 段階的検索開始:
     段階1: タイトルのみ: ✅ 5件 (1735ms)
   📊 crossref 総結果: 5件

🔍 ndl API 段階的検索開始:
     戦略2: タイトルのみ検索: ✅ 20件 (424ms)
   📊 ndl 総結果: 20件

📖 [66] 小熊英二 (2002). 「日本という方法」. 現代思想, 30(3), 8–29....
   タイプ: article | 言語: 日本語 | 書籍: false
   検索順序: cinii → crossref → ndl

🔍 cinii API 段階的検索開始:
     タイトル検索: ❌ 0件 (189ms)
   📊 cinii 総結果: 0件

🔍 crossref API 段階的検索開始:
     段階1: タイトルのみ: ✅ 5件 (1843ms)
   📊 crossref 総結果: 5件

🔍 ndl API 段階的検索開始:
     戦略2: タイトルのみ検索: ✅ 8件 (759ms)
   📊 ndl 総結果: 8件

📖 [67] 柄谷行人 (1990). 「他者の起源」. 批評空間, 1(1), 4–15....
   タイプ: article | 言語: 日本語 | 書籍: false
   検索順序: cinii → crossref → ndl

🔍 cinii API 段階的検索開始:
     タイトル検索: ❌ 0件 (259ms)
   📊 cinii 総結果: 0件

🔍 crossref API 段階的検索開始:
     段階1: タイトルのみ: ✅ 5件 (2420ms)
   📊 crossref 総結果: 5件

🔍 ndl API 段階的検索開始:
     戦略2: タイトルのみ検索: ✅ 2件 (394ms)
   📊 ndl 総結果: 2件

📖 [68] 小泉義之 (2000). 「身体の哲学へ」. 現代思想, 28(1), 91–102....
   タイプ: article | 言語: 日本語 | 書籍: false
   検索順序: cinii → crossref → ndl

🔍 cinii API 段階的検索開始:
     タイトル検索: ❌ 0件 (121ms)
   📊 cinii 総結果: 0件

🔍 crossref API 段階的検索開始:
     段階1: タイトルのみ: ✅ 5件 (771ms)
   📊 crossref 総結果: 5件

🔍 ndl API 段階的検索開始:
     戦略2: タイトルのみ検索: ❌ 0件 (1538ms)
   📊 ndl 総結果: 0件

📖 [69] 斎藤環 (1999). 「引きこもりの病理」. 精神療法, 25(2), 221–230....
   タイプ: article | 言語: 日本語 | 書籍: false
   検索順序: cinii → crossref → ndl

🔍 cinii API 段階的検索開始:
     タイトル検索: ❌ 0件 (139ms)
   📊 cinii 総結果: 0件

🔍 crossref API 段階的検索開始:
     段階1: タイトルのみ: ✅ 5件 (2344ms)
   📊 crossref 総結果: 5件

🔍 ndl API 段階的検索開始:
     戦略2: タイトルのみ検索: ❌ 0件 (915ms)
   📊 ndl 総結果: 0件


📊 === 本番環境段階的検索戦略分析結果 ===

🔍 API別戦略分析:

ndl:
  - 実行回数: 14
  - 平均結果数: 4.9
  - 戦略別詳細:
    P2 戦略2: タイトルのみ検索: 7/14 (50.0%) 703ms

cinii:
  - 実行回数: 38
  - 平均結果数: 0.0
  - 戦略別詳細:
    P1 タイトル検索: 0/38 (0.0%) 178ms

googleBooks:
  - 実行回数: 28
  - 平均結果数: 9.3
  - 戦略別詳細:
    P2 戦略2: タイトル完全一致: 17/19 (89.5%) 856ms
    P3 戦略3A: 日本語全文検索: 4/4 (100.0%) 1045ms
    P1 戦略1A: フィールド指定検索 (Dick): 1/1 (100.0%) 1306ms
    P1 戦略1B: 著者フィールド検索 (Dick): 1/1 (100.0%) 1111ms
    P1 戦略1A: フィールド指定検索 (Derrida): 2/2 (100.0%) 759ms
    P1 戦略1B: 著者フィールド検索 (Derrida): 2/2 (100.0%) 1190ms
    P1 戦略1A: フィールド指定検索 (Eco): 1/1 (100.0%) 517ms
    P1 戦略1B: 著者フィールド検索 (Eco): 1/1 (100.0%) 724ms
    P1 戦略1A: フィールド指定検索 (Jameson): 1/1 (100.0%) 1086ms
    P1 戦略1B: 著者フィールド検索 (Jameson): 1/1 (100.0%) 1088ms
    P1 戦略1A: フィールド指定検索 (Watson): 1/1 (100.0%) 635ms
    P1 戦略1B: 著者フィールド検索 (Watson): 1/1 (100.0%) 1064ms
    P1 戦略1A: フィールド指定検索 (Einstein): 1/1 (100.0%) 456ms
    P1 戦略1B: 著者フィールド検索 (Einstein): 1/1 (100.0%) 465ms
    P1 戦略1A: フィールド指定検索 (Heisenberg): 1/1 (100.0%) 1213ms
    P1 戦略1B: 著者フィールド検索 (Heisenberg): 1/1 (100.0%) 532ms
    P1 戦略1A: フィールド指定検索 (Shannon): 1/1 (100.0%) 645ms
    P1 戦略1B: 著者フィールド検索 (Shannon): 1/1 (100.0%) 1046ms
    P1 戦略1A: フィールド指定検索 (Rosenblatt): 1/1 (100.0%) 1221ms
    P1 戦略1B: 著者フィールド検索 (Rosenblatt): 1/1 (100.0%) 483ms
    P1 戦略1A: フィールド指定検索 (Zhang): 0/1 (0.0%) 1132ms
    P1 戦略1B: 著者フィールド検索 (Zhang): 1/1 (100.0%) 509ms
    P1 戦略1A: フィールド指定検索 (Turing): 1/1 (100.0%) 484ms
    P1 戦略1B: 著者フィールド検索 (Turing): 1/1 (100.0%) 833ms
    P1 戦略1A: フィールド指定検索 (Goodfellow): 1/1 (100.0%) 768ms
    P1 戦略1B: 著者フィールド検索 (Goodfellow): 1/1 (100.0%) 502ms
    P1 戦略1A: フィールド指定検索 (Karikó): 0/1 (0.0%) 848ms
    P1 戦略1B: 著者フィールド検索 (Karikó): 1/1 (100.0%) 545ms
    P1 戦略1A: フィールド指定検索 (Hinton): 1/1 (100.0%) 630ms
    P1 戦略1B: 著者フィールド検索 (Hinton): 1/1 (100.0%) 1361ms
    P1 戦略1A: フィールド指定検索 (Bourdieu): 1/1 (100.0%) 452ms
    P1 戦略1B: 著者フィールド検索 (Bourdieu): 1/1 (100.0%) 1281ms
    P1 戦略1A: フィールド指定検索 (Foucault): 1/1 (100.0%) 1317ms
    P1 戦略1B: 著者フィールド検索 (Foucault): 1/1 (100.0%) 1330ms
    P1 戦略1A: フィールド指定検索 (Austin): 1/1 (100.0%) 1061ms
    P1 戦略1B: 著者フィールド検索 (Austin): 1/1 (100.0%) 1199ms
    P1 戦略1A: フィールド指定検索 (Lakoff): 1/1 (100.0%) 610ms
    P1 戦略1B: 著者フィールド検索 (Lakoff): 1/1 (100.0%) 603ms
    P1 戦略1A: フィールド指定検索 (Chomsky): 1/1 (100.0%) 474ms
    P1 戦略1B: 著者フィールド検索 (Chomsky): 1/1 (100.0%) 513ms
    P1 戦略1A: フィールド指定検索 (Saussure): 1/1 (100.0%) 1057ms
    P1 戦略1B: 著者フィールド検索 (Saussure): 1/1 (100.0%) 1174ms
    P1 戦略1A: フィールド指定検索 (Hall): 1/1 (100.0%) 473ms
    P1 戦略1B: 著者フィールド検索 (Hall): 1/1 (100.0%) 515ms
    P1 戦略1A: フィールド指定検索 (Habermas): 1/1 (100.0%) 522ms
    P1 戦略1B: 著者フィールド検索 (Habermas): 1/1 (100.0%) 622ms
    P1 戦略1A: フィールド指定検索 (Clifford): 1/1 (100.0%) 639ms
    P1 戦略1B: 著者フィールド検索 (Clifford): 1/1 (100.0%) 490ms

crossref:
  - 実行回数: 11
  - 平均結果数: 5.5
  - 戦略別詳細:
    P1 段階1: タイトルのみ: 11/11 (100.0%) 2131ms
    P2 段階2: タイトル+著者: 1/1 (100.0%) 2234ms

semanticScholar:
  - 実行回数: 1
  - 平均結果数: 5.0
  - 戦略別詳細:
    P1 タイトル検索: 1/1 (100.0%) 1130ms


💡 段階的検索の効果分析と無駄の検出:

📖 Hunt, M. G., Marx, R., Lipson, C., & Young, J. (2018). No more FOMO: Limiting social media decreases...
  googleBooks:
    1. 戦略1A: フィールド指定検索 (Hunt): 0件 (累計: 0件, 1066ms)
    2. 戦略1B: 著者フィールド検索 (Hunt): +5件 (累計: 5件, 492ms)
    3. 戦略2: タイトル完全一致: 0件 (累計: 5件, 446ms) [無駄: 新規結果なし]
    📈 段階的検索効果: +5件 (100.0%)
    ⚠️  無駄な実行: 1/3 (446ms)

📖 LeCun, Y., Bengio, Y., & Hinton, G. (2015). Deep learning. Nature, 521(7553), 436-444....
  googleBooks:
    1. 戦略1A: フィールド指定検索 (LeCun): +5件 (累計: 5件, 597ms)
    2. 戦略1B: 著者フィールド検索 (LeCun): +1件 (累計: 6件, 1034ms)
    3. 戦略2: タイトル完全一致: +5件 (累計: 11件, 470ms) [無駄: 初期段階で十分]
    📈 段階的検索効果: +6件 (54.5%)
    ⚠️  無駄な実行: 1/3 (470ms)

📖 田中太郎、山田花子（2022）「大学生のソーシャルメディア利用と心理的適応に関する研究」心理学研究、93巻4号、pp.234-248...

📖 佐藤一郎・鈴木次郎（2021）『日本におけるデジタル教育の現状と課題』教育工学研究、第45巻第2号、pp.123-145...
  googleBooks:
    1. 戦略2: タイトル完全一致: +5件 (累計: 5件, 532ms)
    2. 戦略3A: 日本語全文検索: +5件 (累計: 10件, 1610ms)
    📈 段階的検索効果: +5件 (50.0%)

📖 Miller, G. A. (1956). The magical number seven, plus or minus two: Some limits on our capacity for p...
  googleBooks:
    1. 戦略1A: フィールド指定検索 (Miller): +4件 (累計: 4件, 627ms)
    2. 戦略1B: 著者フィールド検索 (Miller): +5件 (累計: 9件, 642ms)
    3. 戦略2: タイトル完全一致: +5件 (累計: 14件, 680ms)
    📈 段階的検索効果: +10件 (71.4%)

📖 中島義明編（2019）『心理学辞典』有斐閣...
  googleBooks:
    1. 戦略2: タイトル完全一致: +5件 (累計: 5件, 445ms)
    2. 戦略3A: 日本語全文検索: +5件 (累計: 10件, 610ms)
    📈 段階的検索効果: +5件 (50.0%)

📖 Kahneman, D. (2011). Thinking, fast and slow. Farrar, Straus and Giroux....
  googleBooks:
    1. 戦略1A: フィールド指定検索 (Kahneman): +5件 (累計: 5件, 1081ms)
    2. 戦略1B: 著者フィールド検索 (Kahneman): +5件 (累計: 10件, 1070ms)
    📈 段階的検索効果: +5件 (50.0%)

📖 坂部創一, 山崎秀夫 (2019). インターネット利用が新型うつ傾向へ及ぼす悪影響と予防策の縦断研究. キャリア教育研究, 33, 139-146....

📖 Puukko, K., Hietajarvi, L., Maksniemi, E., Alho, K., & Salmela-Aro, K. (2020). Social media use and ...

📖 村上春樹 (2002). 『海辺のカフカ』. 新潮社....
  googleBooks:
    1. 戦略2: タイトル完全一致: +5件 (累計: 5件, 428ms)
    2. 戦略3A: 日本語全文検索: +5件 (累計: 10件, 442ms)
    📈 段階的検索効果: +5件 (50.0%)

📖 Harari, Y. N. (2014). Sapiens: A Brief History of Humankind. Harper....
  googleBooks:
    1. 戦略1A: フィールド指定検索 (Harari): +5件 (累計: 5件, 1058ms)
    2. 戦略1B: 著者フィールド検索 (Harari): +5件 (累計: 10件, 490ms)
    📈 段階的検索効果: +5件 (50.0%)

📖 三島由紀夫 (1969). 『太陽と鉄』. 中央公論社....
  googleBooks:
    1. 戦略2: タイトル完全一致: +2件 (累計: 2件, 1021ms)
    2. 戦略3A: 日本語全文検索: +5件 (累計: 7件, 1392ms)
    📈 段階的検索効果: +5件 (71.4%)

📖 Baudrillard, J. (1981). Simulacres et Simulation. Éditions Galilée....
  googleBooks:
    1. 戦略1A: フィールド指定検索 (Baudrillard): +1件 (累計: 1件, 469ms)
    2. 戦略1B: 著者フィールド検索 (Baudrillard): +5件 (累計: 6件, 531ms)
    3. 戦略2: タイトル完全一致: +1件 (累計: 7件, 512ms)
    📈 段階的検索効果: +6件 (85.7%)

📖 小林秀雄 (1941). 『本居宣長』. 創元社....
  googleBooks:
    1. 戦略2: タイトル完全一致: +5件 (累計: 5件, 1077ms)
    2. 戦略3A: 日本語全文検索: +5件 (累計: 10件, 811ms)
    📈 段階的検索効果: +5件 (50.0%)

📖 Butler, J. (1990). Gender Trouble: Feminism and the Subversion of Identity. Routledge....
  googleBooks:
    1. 戦略1A: フィールド指定検索 (Butler): +1件 (累計: 1件, 568ms)
    2. 戦略1B: 著者フィールド検索 (Butler): +5件 (累計: 6件, 461ms)
    3. 戦略2: タイトル完全一致: +1件 (累計: 7件, 1053ms)
    📈 段階的検索効果: +6件 (85.7%)

📖 夏目漱石 (1914). 『こころ』. 岩波書店....
  googleBooks:
    1. 戦略2: タイトル完全一致: +5件 (累計: 5件, 632ms)
    2. 戦略3A: 日本語全文検索: +5件 (累計: 10件, 625ms)
    📈 段階的検索効果: +5件 (50.0%)

📖 Borges, J. L. (1941). El Aleph. Editorial Losada....
  googleBooks:
    1. 戦略1A: フィールド指定検索 (Borges): +5件 (累計: 5件, 474ms)
    2. 戦略1B: 著者フィールド検索 (Borges): +5件 (累計: 10件, 1119ms)
    📈 段階的検索効果: +5件 (50.0%)

📖 森鷗外 (1913). 『高瀬舟』. 岩波文庫....
  googleBooks:
    1. 戦略2: タイトル完全一致: +5件 (累計: 5件, 555ms)
    2. 戦略3A: 日本語全文検索: +5件 (累計: 10件, 853ms)
    📈 段階的検索効果: +5件 (50.0%)

📖 Freud, S. (1900). Die Traumdeutung. Franz Deuticke....
  googleBooks:
    1. 戦略1A: フィールド指定検索 (Freud): +5件 (累計: 5件, 1072ms)
    2. 戦略1B: 著者フィールド検索 (Freud): +5件 (累計: 10件, 518ms)
    📈 段階的検索効果: +5件 (50.0%)

📖 中沢新一 (2001). 『アースダイバー』. 講談社....
  googleBooks:
    1. 戦略2: タイトル完全一致: +5件 (累計: 5件, 536ms)
    2. 戦略3A: 日本語全文検索: +5件 (累計: 10件, 861ms)
    📈 段階的検索効果: +5件 (50.0%)

📖 Lovecraft, H. P. (1927). The Call of Cthulhu. Weird Tales....
  googleBooks:
    1. 戦略1A: フィールド指定検索 (Lovecraft): +5件 (累計: 5件, 646ms)
    2. 戦略1B: 著者フィールド検索 (Lovecraft): +5件 (累計: 10件, 677ms)
    📈 段階的検索効果: +5件 (50.0%)

📖 石原千秋 (2000). 『読者はどこにいるのか』. 河出書房新社....
  googleBooks:
    1. 戦略2: タイトル完全一致: +2件 (累計: 2件, 1239ms)
    2. 戦略3A: 日本語全文検索: +5件 (累計: 7件, 1228ms)
    📈 段階的検索効果: +5件 (71.4%)

📖 Latour, B. (2005). Reassembling the Social: An Introduction to Actor-Network-Theory. Oxford Universi...
  googleBooks:
    1. 戦略1A: フィールド指定検索 (Latour): +2件 (累計: 2件, 654ms)
    2. 戦略1B: 著者フィールド検索 (Latour): +5件 (累計: 7件, 513ms)
    3. 戦略2: タイトル完全一致: +3件 (累計: 10件, 473ms)
    📈 段階的検索効果: +8件 (80.0%)

📖 筒井康隆 (1978). 『虚構船団』. 新潮社....
  googleBooks:
    1. 戦略2: タイトル完全一致: 0件 (累計: 0件, 1219ms)
    2. 戦略3A: 日本語全文検索: +5件 (累計: 5件, 439ms)
    📈 段階的検索効果: +5件 (100.0%)

📖 Deleuze, G., & Guattari, F. (1980). Mille Plateaux. Les Éditions de Minuit....
  googleBooks:
    1. 戦略1A: フィールド指定検索 (Deleuze): +4件 (累計: 4件, 467ms)
    2. 戦略1B: 著者フィールド検索 (Deleuze): +5件 (累計: 9件, 492ms)
    3. 戦略2: タイトル完全一致: +5件 (累計: 14件, 458ms)
    📈 段階的検索効果: +10件 (71.4%)

📖 折口信夫 (1934). 『死者の書』. 岩波文庫....
  googleBooks:
    1. 戦略2: タイトル完全一致: +5件 (累計: 5件, 639ms)
    2. 戦略3A: 日本語全文検索: +5件 (累計: 10件, 928ms)
    📈 段階的検索効果: +5件 (50.0%)

📖 Le Guin, U. K. (1969). The Left Hand of Darkness. Ace Books....
  googleBooks:
    1. 戦略1A: フィールド指定検索 (Le Guin): +5件 (累計: 5件, 569ms)
    2. 戦略1A: フィールド指定検索 (Guin): +5件 (累計: 10件, 1262ms)
    📈 段階的検索効果: +5件 (50.0%)

📖 柳田國男 (1910). 『遠野物語』. 郷土研究社....
  googleBooks:
    1. 戦略2: タイトル完全一致: +5件 (累計: 5件, 481ms)
    2. 戦略3A: 日本語全文検索: +5件 (累計: 10件, 633ms)
    📈 段階的検索効果: +5件 (50.0%)

📖 Tarde, G. (1890). Les Lois de l'imitation. Félix Alcan....
  googleBooks:
    1. 戦略1A: フィールド指定検索 (Tarde): +5件 (累計: 5件, 477ms)
    2. 戦略1B: 著者フィールド検索 (Tarde): +5件 (累計: 10件, 1060ms)
    📈 段階的検索効果: +5件 (50.0%)

📖 安部公房 (1962). 『他人の顔』. 新潮社....
  googleBooks:
    1. 戦略2: タイトル完全一致: +5件 (累計: 5件, 1098ms)
    2. 戦略3A: 日本語全文検索: +5件 (累計: 10件, 658ms)
    📈 段階的検索効果: +5件 (50.0%)

📖 Mitchell, W. J. T. (1994). Picture Theory: Essays on Verbal and Visual Representation. University of...
  googleBooks:
    1. 戦略1A: フィールド指定検索 (Mitchell): +1件 (累計: 1件, 1042ms)
    2. 戦略1B: 著者フィールド検索 (Mitchell): +5件 (累計: 6件, 513ms)
    3. 戦略2: タイトル完全一致: +1件 (累計: 7件, 1208ms)
    📈 段階的検索効果: +6件 (85.7%)

📖 大澤真幸 (2006). 『ナショナリズムの由来』. 講談社....
  googleBooks:
    1. 戦略2: タイトル完全一致: +2件 (累計: 2件, 493ms)
    2. 戦略3A: 日本語全文検索: +5件 (累計: 7件, 650ms)
    📈 段階的検索効果: +5件 (71.4%)

📖 Dick, P. K. (1968). Do Androids Dream of Electric Sheep? Doubleday....
  googleBooks:
    1. 戦略1A: フィールド指定検索 (Dick): +5件 (累計: 5件, 1306ms)
    2. 戦略1B: 著者フィールド検索 (Dick): +5件 (累計: 10件, 1111ms)
    📈 段階的検索効果: +5件 (50.0%)

📖 清水博 (1992). 『生命知としての場の思想』. 青土社....
  googleBooks:
    1. 戦略2: タイトル完全一致: +5件 (累計: 5件, 788ms)
    2. 戦略3A: 日本語全文検索: +5件 (累計: 10件, 733ms)
    📈 段階的検索効果: +5件 (50.0%)

📖 Derrida, J. (1967). De la grammatologie. Les Éditions de Minuit....
  googleBooks:
    1. 戦略1A: フィールド指定検索 (Derrida): +2件 (累計: 2件, 1076ms)
    2. 戦略1B: 著者フィールド検索 (Derrida): +5件 (累計: 7件, 1263ms)
    3. 戦略2: タイトル完全一致: +5件 (累計: 12件, 1059ms)
    📈 段階的検索効果: +10件 (83.3%)

📖 山口昌男 (1982). 『文化と両義性』. 岩波書店....
  googleBooks:
    1. 戦略2: タイトル完全一致: +1件 (累計: 1件, 1006ms)
    2. 戦略3A: 日本語全文検索: +5件 (累計: 6件, 1434ms)
    📈 段階的検索効果: +5件 (83.3%)

📖 Eco, U. (1980). Il nome della rosa. Bompiani....
  googleBooks:
    1. 戦略1A: フィールド指定検索 (Eco): +5件 (累計: 5件, 517ms)
    2. 戦略1B: 著者フィールド検索 (Eco): +5件 (累計: 10件, 724ms)
    📈 段階的検索効果: +5件 (50.0%)

📖 鶴見俊輔 (1961). 『限界芸術論』. 筑摩書房....
  googleBooks:
    1. 戦略2: タイトル完全一致: +5件 (累計: 5件, 1058ms)
    2. 戦略3A: 日本語全文検索: +5件 (累計: 10件, 1363ms)
    📈 段階的検索効果: +5件 (50.0%)

📖 Jameson, F. (1991). Postmodernism, or, The Cultural Logic of Late Capitalism. Duke University Press....
  googleBooks:
    1. 戦略1A: フィールド指定検索 (Jameson): +2件 (累計: 2件, 1086ms)
    2. 戦略1B: 著者フィールド検索 (Jameson): +5件 (累計: 7件, 1088ms)
    3. 戦略2: タイトル完全一致: +2件 (累計: 9件, 399ms)
    📈 段階的検索効果: +7件 (77.8%)

📖 Watson, J. D., & Crick, F. H. C. (1953). A structure for deoxyribose nucleic acid. Nature, 171(4356)...
  googleBooks:
    1. 戦略1A: フィールド指定検索 (Watson): +4件 (累計: 4件, 635ms)
    2. 戦略1B: 著者フィールド検索 (Watson): +5件 (累計: 9件, 1064ms)
    3. 戦略2: タイトル完全一致: +4件 (累計: 13件, 441ms)
    📈 段階的検索効果: +9件 (69.2%)

📖 Einstein, A. (1905). Zur Elektrodynamik bewegter Körper. Annalen der Physik, 322(10), 891–921....
  googleBooks:
    1. 戦略1A: フィールド指定検索 (Einstein): +1件 (累計: 1件, 456ms)
    2. 戦略1B: 著者フィールド検索 (Einstein): +5件 (累計: 6件, 465ms)
    3. 戦略2: タイトル完全一致: +2件 (累計: 8件, 1267ms)
    📈 段階的検索効果: +7件 (87.5%)

📖 Heisenberg, W. (1927). Über den anschaulichen Inhalt der quantentheoretischen Kinematik und Mechanik...
  googleBooks:
    1. 戦略1A: フィールド指定検索 (Heisenberg): +1件 (累計: 1件, 1213ms)
    2. 戦略1B: 著者フィールド検索 (Heisenberg): +5件 (累計: 6件, 532ms)
    3. 戦略2: タイトル完全一致: +1件 (累計: 7件, 986ms)
    📈 段階的検索効果: +6件 (85.7%)

📖 Shannon, C. E. (1948). A mathematical theory of communication. Bell System Technical Journal, 27(3),...
  googleBooks:
    1. 戦略1A: フィールド指定検索 (Shannon): +2件 (累計: 2件, 645ms)
    2. 戦略1B: 著者フィールド検索 (Shannon): +5件 (累計: 7件, 1046ms)
    3. 戦略2: タイトル完全一致: +4件 (累計: 11件, 459ms)
    📈 段階的検索効果: +9件 (81.8%)

📖 Rosenblatt, F. (1958). The perceptron: A probabilistic model for information storage and organizatio...
  googleBooks:
    1. 戦略1A: フィールド指定検索 (Rosenblatt): +1件 (累計: 1件, 1221ms)
    2. 戦略1B: 著者フィールド検索 (Rosenblatt): +5件 (累計: 6件, 483ms)
    3. 戦略2: タイトル完全一致: +2件 (累計: 8件, 683ms)
    📈 段階的検索効果: +7件 (87.5%)

📖 Zhang, Y., et al. (2001). Identification of novel transcripts in human liver using RNA-Seq. Nature B...
  googleBooks:
    1. 戦略1A: フィールド指定検索 (Zhang): 0件 (累計: 0件, 1132ms)
    2. 戦略1B: 著者フィールド検索 (Zhang): +5件 (累計: 5件, 509ms)
    3. 戦略2: タイトル完全一致: 0件 (累計: 5件, 634ms) [無駄: 新規結果なし]
    📈 段階的検索効果: +5件 (100.0%)
    ⚠️  無駄な実行: 1/3 (634ms)

📖 Turing, A. M. (1936). On computable numbers, with an application to the Entscheidungsproblem. Procee...
  googleBooks:
    1. 戦略1A: フィールド指定検索 (Turing): +2件 (累計: 2件, 484ms)
    2. 戦略1B: 著者フィールド検索 (Turing): +5件 (累計: 7件, 833ms)
    3. 戦略2: タイトル完全一致: +2件 (累計: 9件, 1064ms)
    📈 段階的検索効果: +7件 (77.8%)

📖 Goodfellow, I., et al. (2014). Generative adversarial nets. In Advances in Neural Information Proces...
  crossref:
    1. 段階1: タイトルのみ: +5件 (累計: 5件, 2488ms)
    2. 段階2: タイトル+著者: +5件 (累計: 10件, 2234ms)
    📈 段階的検索効果: +5件 (50.0%)
  googleBooks:
    1. 戦略1A: フィールド指定検索 (Goodfellow): +5件 (累計: 5件, 768ms)
    2. 戦略1B: 著者フィールド検索 (Goodfellow): +5件 (累計: 10件, 502ms)
    📈 段階的検索効果: +5件 (50.0%)

📖 Karikó, K., et al. (2005). Suppression of RNA recognition by Toll-like receptors. Immunity, 23(2), 1...
  googleBooks:
    1. 戦略1A: フィールド指定検索 (Karikó): 0件 (累計: 0件, 848ms)
    2. 戦略1B: 著者フィールド検索 (Karikó): +5件 (累計: 5件, 545ms)
    3. 戦略2: タイトル完全一致: 0件 (累計: 5件, 1173ms) [無駄: 新規結果なし]
    📈 段階的検索効果: +5件 (100.0%)
    ⚠️  無駄な実行: 1/3 (1173ms)

📖 Hinton, G. E., & Salakhutdinov, R. R. (2006). Reducing the dimensionality of data with neural networ...
  googleBooks:
    1. 戦略1A: フィールド指定検索 (Hinton): +5件 (累計: 5件, 630ms)
    2. 戦略1B: 著者フィールド検索 (Hinton): +5件 (累計: 10件, 1361ms)
    📈 段階的検索効果: +5件 (50.0%)

📖 Bourdieu, P. (1986). The forms of capital. In Handbook of Theory and Research for the Sociology of E...
  googleBooks:
    1. 戦略1A: フィールド指定検索 (Bourdieu): +1件 (累計: 1件, 452ms)
    2. 戦略1B: 著者フィールド検索 (Bourdieu): +5件 (累計: 6件, 1281ms)
    3. 戦略2: タイトル完全一致: +3件 (累計: 9件, 1024ms)
    📈 段階的検索効果: +8件 (88.9%)

📖 Foucault, M. (1977). Nietzsche, Genealogy, History. Language, Counter-Memory, Practice, 139–164....
  googleBooks:
    1. 戦略1A: フィールド指定検索 (Foucault): +5件 (累計: 5件, 1317ms)
    2. 戦略1B: 著者フィールド検索 (Foucault): +5件 (累計: 10件, 1330ms)
    📈 段階的検索効果: +5件 (50.0%)

📖 Derrida, J. (1967). La différance. Bulletin de la Société Française de Philosophie, 62(3), 73–101....
  googleBooks:
    1. 戦略1A: フィールド指定検索 (Derrida): +2件 (累計: 2件, 442ms)
    2. 戦略1B: 著者フィールド検索 (Derrida): +5件 (累計: 7件, 1117ms)
    3. 戦略2: タイトル完全一致: +5件 (累計: 12件, 1335ms)
    📈 段階的検索効果: +10件 (83.3%)

📖 Austin, J. L. (1962). How to do things with words. Oxford University Press....
  googleBooks:
    1. 戦略1A: フィールド指定検索 (Austin): +5件 (累計: 5件, 1061ms)
    2. 戦略1B: 著者フィールド検索 (Austin): +5件 (累計: 10件, 1199ms)
    📈 段階的検索効果: +5件 (50.0%)

📖 Lakoff, G., & Johnson, M. (1980). Conceptual metaphor in everyday language. Journal of Philosophy, 7...
  googleBooks:
    1. 戦略1A: フィールド指定検索 (Lakoff): +5件 (累計: 5件, 610ms)
    2. 戦略1B: 著者フィールド検索 (Lakoff): +5件 (累計: 10件, 603ms)
    📈 段階的検索効果: +5件 (50.0%)

📖 Chomsky, N. (1957). Syntactic Structures. Mouton de Gruyter....
  googleBooks:
    1. 戦略1A: フィールド指定検索 (Chomsky): +5件 (累計: 5件, 474ms)
    2. 戦略1B: 著者フィールド検索 (Chomsky): +5件 (累計: 10件, 513ms)
    📈 段階的検索効果: +5件 (50.0%)

📖 Saussure, F. de. (1916). Cours de linguistique générale. Payot....
  googleBooks:
    1. 戦略1A: フィールド指定検索 (Saussure): +5件 (累計: 5件, 1057ms)
    2. 戦略1B: 著者フィールド検索 (Saussure): +5件 (累計: 10件, 1174ms)
    📈 段階的検索効果: +5件 (50.0%)

📖 Hall, S. (1980). Encoding/decoding. In Culture, Media, Language, 128–138....
  googleBooks:
    1. 戦略1A: フィールド指定検索 (Hall): +1件 (累計: 1件, 473ms)
    2. 戦略1B: 著者フィールド検索 (Hall): +5件 (累計: 6件, 515ms)
    3. 戦略2: タイトル完全一致: +5件 (累計: 11件, 471ms)
    📈 段階的検索効果: +10件 (90.9%)

📖 Habermas, J. (1981). Kommunikatives Handeln und detranszendentalisierte Vernunft. Merkur, 35(5), 409...
  googleBooks:
    1. 戦略1A: フィールド指定検索 (Habermas): +1件 (累計: 1件, 522ms)
    2. 戦略1B: 著者フィールド検索 (Habermas): +5件 (累計: 6件, 622ms)
    3. 戦略2: タイトル完全一致: +1件 (累計: 7件, 1284ms)
    📈 段階的検索効果: +6件 (85.7%)

📖 Clifford, J., & Marcus, G. (1986). Writing Culture: The Poetics and Politics of Ethnography. Univers...
  googleBooks:
    1. 戦略1A: フィールド指定検索 (Clifford): +3件 (累計: 3件, 639ms)
    2. 戦略1B: 著者フィールド検索 (Clifford): +5件 (累計: 8件, 490ms)
    3. 戦略2: タイトル完全一致: +4件 (累計: 12件, 637ms)
    📈 段階的検索効果: +9件 (75.0%)

📖 鶴見俊輔 (1961). 「限界芸術論」. 思想の科学, 11(4), 23–41....

📖 中井久夫 (1984). 「分裂病と自己」. 精神医学, 26(8), 673–689....

📖 大澤真幸 (1996). 「社会の比較不可能性」. 現代思想, 24(10), 45–64....

📖 山口昌男 (1977). 「文化人類学的想像力と両義性」. 現代思想, 5(6), 15–30....

📖 中村雄二郎 (1980). 「共通感覚の哲学について」. 哲学, 31, 1–22....

📖 佐藤学 (2001). 「学びの共同体」. 教育科学, 55(3), 24–33....

📖 小熊英二 (2002). 「日本という方法」. 現代思想, 30(3), 8–29....

📖 柄谷行人 (1990). 「他者の起源」. 批評空間, 1(1), 4–15....

📖 小泉義之 (2000). 「身体の哲学へ」. 現代思想, 28(1), 91–102....

📖 斎藤環 (1999). 「引きこもりの病理」. 精神療法, 25(2), 221–230....


⚠️  === 無駄な実行の統計 ===

全体統計:
  - 総無駄実行数: 4
  - 総無駄時間: 2723ms (2.7秒)

API別無駄統計:

googleBooks:
  - 無駄実行率: 4/135 (3.0%)
  - 無駄時間率: 2723ms/107908ms (2.5%)
  - 平均無駄時間: 681ms

crossref:
  - 無駄実行率: 0/2 (0.0%)
  - 無駄時間率: 0ms/4722ms (0.0%)
  - 平均無駄時間: 0ms


🔧 === 改善提案 ===


💡 === 最適化された戦略の提案 ===

googleBooks (文献: Hunt, M. G., Marx, R., Lipson, C., & Young, J. (20...):
  現在: 3段階 → 最適化: 2段階
  削減可能: 1段階
  時間短縮: 446ms (22.3%)

googleBooks (文献: Zhang, Y., et al. (2001). Identification of novel ...):
  現在: 3段階 → 最適化: 2段階
  削減可能: 1段階
  時間短縮: 634ms (27.9%)

googleBooks (文献: Karikó, K., et al. (2005). Suppression of RNA reco...):
  現在: 3段階 → 最適化: 2段階
  削減可能: 1段階
  時間短縮: 1173ms (45.7%)


✅ 詳細な結果を保存:
   - サマリー: /Users/toshizumi/Documents/Creative/Web/literature-verifier/production-api-strategy-results.json
   - 詳細結果: /Users/toshizumi/Documents/Creative/Web/literature-verifier/api-strategy-results.jsonl
   - 実行ログ: /Users/toshizumi/Documents/Creative/Web/literature-verifier/api-strategy-test.log

📊 テスト完了: 38件の文献をテスト
